\BOOKMARK [1][-]{section.1}{\376\377\000R\000\351\000p\000o\000n\000s\000e\000\040\000c\000o\000u\000r\000t\000e\000\040\000e\000t\000\040\000s\000t\000a\000t\000u\000t\000\040\000d\000e\000s\000\040\000c\000o\000n\000c\000l\000u\000s\000i\000o\000n\000s}{}% 1
\BOOKMARK [1][-]{section.2}{\376\377\000L\000e\000\040\000b\000l\000o\000c\000\040\000\351\000t\000u\000d\000i\000\351\000,\000\040\000s\000a\000n\000s\000\040\000r\000i\000e\000n\000\040\000s\000u\000p\000p\000o\000s\000e\000r\000\040\000a\000u\000\040\000d\000\351\000p\000a\000r\000t}{}% 2
\BOOKMARK [1][-]{section.3}{\376\377\000T\000o\000u\000t\000e\000s\000\040\000l\000e\000s\000\040\000d\000e\000s\000t\000i\000n\000a\000t\000i\000o\000n\000s\000\040\000e\000t\000\040\000t\000o\000u\000t\000e\000s\000\040\000l\000e\000s\000\040\000b\000o\000u\000c\000l\000e\000s}{}% 3
\BOOKMARK [1][-]{section.4}{\376\377\000Q\000u\000a\000t\000r\000e\000\040\000f\000a\000m\000i\000l\000l\000e\000s\000\040\000e\000t\000\040\000i\000n\000v\000e\000n\000t\000a\000i\000r\000e\000\040\000\340\000\040\000p\000a\000s\000\040\000f\000i\000n\000i}{}% 4
\BOOKMARK [1][-]{section.5}{\376\377\000P\000o\000u\000r\000q\000u\000o\000i\000\040\000l\000e\000s\000\040\000p\000e\000t\000i\000t\000s\000\040\000c\000y\000c\000l\000e\000s\000\040\000n\000e\000\040\000s\000u\000f\000f\000i\000s\000e\000n\000t\000\040\000p\000a\000s}{}% 5
\BOOKMARK [1][-]{section.6}{\376\377\000L\000e\000s\000\040\000m\000o\000u\000v\000e\000m\000e\000n\000t\000s\000\040\000c\000o\000n\000t\000i\000n\000u\000s\000\040\000e\000f\000f\000e\000c\000t\000i\000v\000e\000m\000e\000n\000t\000\040\000t\000r\000o\000u\000v\000\351\000s}{}% 6
\BOOKMARK [1][-]{section.7}{\376\377\000P\000o\000u\000r\000q\000u\000o\000i\000\040\000u\000n\000e\000\040\000\351\000n\000e\000r\000g\000i\000e\000\040\000e\000x\000i\000s\000t\000e\000\040\000p\000a\000r\000f\000o\000i\000s\000\040\000e\000t\000\040\000p\000a\000r\000f\000o\000i\000s\000\040\000n\000o\000n}{}% 7
\BOOKMARK [1][-]{section.8}{\376\377\000P\000l\000u\000s\000i\000e\000u\000r\000s\000\040\000t\000\352\000t\000e\000s\000\040\000:\000\040\000p\000a\000s\000\040\000u\000n\000e\000\040\000s\000u\000p\000e\000r\000p\000o\000s\000i\000t\000i\000o\000n\000\040\000d\000e\000\040\000d\000e\000s\000s\000i\000n\000s}{}% 8
\BOOKMARK [1][-]{section.9}{\376\377\000G\000r\000a\000n\000d\000e\000\040\000d\000i\000m\000e\000n\000s\000i\000o\000n\000\040\000:\000\040\000o\000r\000t\000h\000o\000g\000o\000n\000a\000l\000i\000t\000\351\000\040\000s\000a\000n\000s\000\040\000d\000\351\000c\000o\000u\000p\000l\000a\000g\000e}{}% 9
\BOOKMARK [1][-]{section.10}{\376\377\000Q\000u\000a\000n\000d\000\040\000l\000e\000s\000\040\000t\000o\000k\000e\000n\000s\000\040\000d\000e\000v\000i\000e\000n\000n\000e\000n\000t\000\040\000u\000n\000e\000\040\000d\000i\000s\000t\000r\000i\000b\000u\000t\000i\000o\000n}{}% 10
\BOOKMARK [1][-]{section.11}{\376\377\000C\000h\000a\000n\000g\000e\000r\000\040\000l\000'\000e\000x\000p\000o\000n\000e\000n\000t\000i\000e\000l\000l\000e\000\040\000o\000u\000\040\000l\000a\000\040\000n\000o\000r\000m\000a\000l\000i\000s\000a\000t\000i\000o\000n}{}% 11
\BOOKMARK [1][-]{section.12}{\376\377\000L\000e\000\040\000b\000o\000n\000\040\000e\000s\000p\000a\000c\000e\000\040\000o\000b\000s\000e\000r\000v\000a\000b\000l\000e}{}% 12
\BOOKMARK [1][-]{section.13}{\376\377\000E\000n\000t\000r\000a\000\356\000n\000e\000r\000\040\000l\000e\000\040\000M\000L\000P\000\040\000p\000o\000u\000r\000\040\000c\000h\000o\000i\000s\000i\000r\000\040\000l\000a\000\040\000s\000o\000r\000t\000i\000e}{}% 13
\BOOKMARK [1][-]{section.14}{\376\377\000P\000o\000i\000d\000s\000\040\000v\000a\000r\000i\000a\000b\000l\000e\000s\000\040\000a\000v\000e\000c\000\040\000l\000a\000\040\000p\000r\000o\000f\000o\000n\000d\000e\000u\000r\000\040\000:\000\040\000p\000r\000e\000m\000i\000e\000r\000\040\000a\000u\000d\000i\000t\000\040\000O\000U\000\040\000l\000e\000n\000t}{}% 14
\BOOKMARK [1][-]{section.15}{\376\377\000L\000e\000c\000t\000u\000r\000e\000\040\000d\000e\000\040\000p\000h\000y\000s\000i\000q\000u\000e\000\040\000s\000t\000a\000t\000i\000s\000t\000i\000q\000u\000e\000,\000\040\000p\000r\000\351\000c\000i\000s\000\351\000m\000e\000n\000t}{}% 15
\BOOKMARK [1][-]{section.16}{\376\377\000C\000e\000\040\000q\000u\000i\000\040\000e\000s\000t\000\040\000n\000o\000u\000v\000e\000a\000u\000\040\000p\000a\000r\000\040\000r\000a\000p\000p\000o\000r\000t\000\040\000\340\000\040\000A\000l\000t\000a\000f\000i\000n\000i\000\040\000e\000t\000\040\000a\000u\000\040\000c\000a\000s\000\040\000s\000y\000m\000\351\000t\000r\000i\000q\000u\000e}{}% 16
\BOOKMARK [1][-]{section.17}{\376\377\000C\000e\000\040\000q\000u\000e\000\040\000l\000a\000\040\000d\000y\000n\000a\000m\000i\000q\000u\000e\000\040\000p\000e\000u\000t\000\040\000r\000\351\000e\000l\000l\000e\000m\000e\000n\000t\000\040\000r\000\351\000s\000o\000u\000d\000r\000e}{}% 17
\BOOKMARK [1][-]{section.18}{\376\377\000L\000i\000m\000i\000t\000e\000s\000,\000\040\000c\000o\000n\000t\000r\000\364\000l\000e\000s\000\040\000m\000a\000n\000q\000u\000a\000n\000t\000s\000\040\000e\000t\000\040\000e\000x\000p\000\351\000r\000i\000e\000n\000c\000e\000s\000\040\000p\000r\000i\000o\000r\000i\000t\000a\000i\000r\000e\000s}{}% 18
\BOOKMARK [1][-]{section.19}{\376\377\000C\000o\000n\000c\000l\000u\000s\000i\000o\000n\000\040\000s\000a\000n\000s\000\040\000j\000a\000r\000g\000o\000n}{}% 19
\BOOKMARK [1][-]{appendix.A}{\376\377\000C\000a\000r\000t\000e\000\040\000d\000e\000\040\000r\000e\000p\000r\000o\000d\000u\000c\000t\000i\000b\000i\000l\000i\000t\000\351}{}% 20
\BOOKMARK [1][-]{appendix.B}{\376\377\000T\000a\000b\000l\000e\000\040\000d\000e\000\040\000l\000e\000c\000t\000u\000r\000e\000\040\000d\000e\000s\000\040\000s\000i\000g\000n\000a\000t\000u\000r\000e\000s\000\040\000l\000o\000c\000a\000l\000e\000s}{}% 21
