\BOOKMARK [1][-]{section.1}{\376\377\000I\000n\000t\000r\000o\000d\000u\000c\000t\000i\000o\000n}{}% 1
\BOOKMARK [2][-]{subsection.1.1}{\376\377\000O\000u\000r\000\040\000C\000o\000n\000t\000r\000i\000b\000u\000t\000i\000o\000n\000s}{section.1}% 2
\BOOKMARK [2][-]{subsection.1.2}{\376\377\000R\000e\000l\000a\000t\000e\000d\000\040\000W\000o\000r\000k\000s}{section.1}% 3
\BOOKMARK [1][-]{section.2}{\376\377\000R\000e\000s\000u\000l\000t\000s\000\040\000f\000o\000r\000\040\000n\000e\000u\000r\000a\000l\000\040\000n\000e\000t\000w\000o\000r\000k\000\040\000m\000o\000d\000e\000l\000s}{}% 4
\BOOKMARK [2][-]{subsection.2.1}{\376\377\000P\000r\000o\000p\000a\000g\000a\000t\000i\000o\000n\000\040\000o\000f\000\040\000s\000i\000g\000n\000a\000l\000\040\000t\000h\000r\000o\000u\000g\000h\000\040\000m\000u\000l\000t\000i\000-\000l\000a\000y\000e\000r\000\040\000n\000e\000u\000r\000a\000l\000\040\000n\000e\000t\000w\000o\000r\000k\000s}{section.2}% 5
\BOOKMARK [2][-]{subsection.2.2}{\376\377\000C\000K\000\040\000m\000a\000t\000r\000i\000x\000\040\000a\000f\000t\000e\000r\000\040\000O\000\050\0001\000\051\000\040\000s\000t\000e\000p\000s\000\040\000o\000f\000\040\000g\000r\000a\000d\000i\000e\000n\000t\000\040\000d\000e\000s\000c\000e\000n\000t}{section.2}% 6
\BOOKMARK [1][-]{section.3}{\376\377\000A\000n\000a\000l\000y\000s\000i\000s\000\040\000o\000f\000\040\000a\000\040\000n\000o\000n\000l\000i\000n\000e\000a\000r\000\040\000s\000p\000i\000k\000e\000d\000\040\000c\000o\000v\000a\000r\000i\000a\000n\000c\000e\000\040\000m\000o\000d\000e\000l}{}% 7
\BOOKMARK [1][-]{appendix.A}{\376\377\000N\000o\000t\000a\000t\000i\000o\000n\000s\000\040\000a\000n\000d\000\040\000b\000a\000c\000k\000g\000r\000o\000u\000n\000d}{}% 8
\BOOKMARK [2][-]{subsection.A.1}{\376\377\000S\000t\000o\000c\000h\000a\000s\000t\000i\000c\000\040\000d\000o\000m\000i\000n\000a\000t\000i\000o\000n}{appendix.A}% 9
\BOOKMARK [2][-]{subsection.A.2}{\376\377\000D\000e\000f\000o\000r\000m\000e\000d\000\040\000M\000a\000r\000c\000e\000n\000k\000o\000-\000P\000a\000s\000t\000u\000r\000\040\000l\000a\000w}{appendix.A}% 10
\BOOKMARK [2][-]{subsection.A.3}{\376\377\000A\000d\000d\000i\000t\000i\000o\000n\000a\000l\000\040\000n\000o\000t\000a\000t\000i\000o\000n}{appendix.A}% 11
\BOOKMARK [1][-]{appendix.B}{\376\377\000R\000e\000s\000u\000l\000t\000s\000\040\000f\000o\000r\000\040\000t\000h\000e\000\040\000n\000o\000n\000l\000i\000n\000e\000a\000r\000\040\000s\000p\000i\000k\000e\000d\000\040\000c\000o\000v\000a\000r\000i\000a\000n\000c\000e\000\040\000m\000o\000d\000e\000l}{}% 12
\BOOKMARK [2][-]{subsection.B.1}{\376\377\000D\000e\000t\000e\000r\000m\000i\000n\000i\000s\000t\000i\000c\000\040\000e\000q\000u\000i\000v\000a\000l\000e\000n\000t\000\040\000f\000o\000r\000\040\000t\000h\000e\000\040\000r\000e\000s\000o\000l\000v\000e\000n\000t}{appendix.B}% 13
\BOOKMARK [2][-]{subsection.B.2}{\376\377\000S\000p\000i\000k\000e\000\040\000e\000i\000g\000e\000n\000v\000a\000l\000u\000e\000s\000\040\000a\000n\000d\000\040\000e\000i\000g\000e\000n\000v\000e\000c\000t\000o\000r\000s}{appendix.B}% 14
\BOOKMARK [1][-]{appendix.C}{\376\377\000A\000n\000a\000l\000y\000s\000i\000s\000\040\000o\000f\000\040\000t\000h\000e\000\040\000r\000e\000s\000o\000l\000v\000e\000n\000t}{}% 15
\BOOKMARK [2][-]{subsection.C.1}{\376\377\000F\000l\000u\000c\000t\000u\000a\000t\000i\000o\000n\000\040\000a\000v\000e\000r\000a\000g\000i\000n\000g\000\040\000l\000e\000m\000m\000a}{appendix.C}% 16
\BOOKMARK [2][-]{subsection.C.2}{\376\377\000N\000o\000\040\000e\000i\000g\000e\000n\000v\000a\000l\000u\000e\000s\000\040\000o\000u\000t\000s\000i\000d\000e\000\040\000t\000h\000e\000\040\000s\000u\000p\000p\000o\000r\000t}{appendix.C}% 17
\BOOKMARK [2][-]{subsection.C.3}{\376\377\000D\000e\000t\000e\000r\000m\000i\000n\000i\000s\000t\000i\000c\000\040\000e\000q\000u\000i\000v\000a\000l\000e\000n\000t\000\040\000f\000o\000r\000\040\000t\000h\000e\000\040\000r\000e\000s\000o\000l\000v\000e\000n\000t}{appendix.C}% 18
\BOOKMARK [1][-]{appendix.D}{\376\377\000A\000n\000a\000l\000y\000s\000i\000s\000\040\000o\000f\000\040\000s\000p\000i\000k\000e\000d\000\040\000e\000i\000g\000e\000n\000s\000t\000r\000u\000c\000t\000u\000r\000e}{}% 19
\BOOKMARK [2][-]{subsection.D.1}{\376\377\000N\000o\000\040\000o\000u\000t\000l\000i\000e\000r\000s\000\040\000o\000u\000t\000s\000i\000d\000e\000\040\000t\000h\000e\000\040\000l\000i\000m\000i\000t\000\040\000s\000u\000p\000p\000o\000r\000t}{appendix.D}% 20
\BOOKMARK [2][-]{subsection.D.2}{\376\377\000D\000e\000t\000e\000r\000m\000i\000n\000i\000s\000t\000i\000c\000\040\000e\000q\000u\000i\000v\000a\000l\000e\000n\000t\000s\000\040\000f\000o\000r\000\040\000g\000e\000n\000e\000r\000a\000l\000i\000z\000e\000d\000\040\000r\000e\000s\000o\000l\000v\000e\000n\000t\000s}{appendix.D}% 21
\BOOKMARK [2][-]{subsection.D.3}{\376\377\000A\000n\000a\000l\000y\000s\000i\000s\000\040\000o\000f\000\040\000o\000u\000t\000l\000i\000e\000r\000s}{appendix.D}% 22
\BOOKMARK [1][-]{appendix.E}{\376\377\000P\000r\000o\000o\000f\000s\000\040\000f\000o\000r\000\040\000p\000r\000o\000p\000a\000g\000a\000t\000i\000o\000n\000\040\000o\000f\000\040\000s\000p\000i\000k\000e\000d\000\040\000e\000i\000g\000e\000n\000s\000t\000r\000u\000c\000t\000u\000r\000e\000\040\000i\000n\000\040\000d\000e\000e\000p\000\040\000N\000N\000s}{}% 23
\BOOKMARK [2][-]{subsection.E.1}{\376\377\000S\000p\000i\000k\000e\000\040\000a\000n\000a\000l\000y\000s\000i\000s\000\040\000f\000o\000r\000\040\000o\000n\000e\000-\000h\000i\000d\000d\000e\000n\000-\000l\000a\000y\000e\000r\000\040\000C\000K}{appendix.E}% 24
\BOOKMARK [2][-]{subsection.E.2}{\376\377\000S\000p\000i\000k\000e\000\040\000a\000n\000a\000l\000y\000s\000i\000s\000\040\000f\000o\000r\000\040\000m\000u\000l\000t\000i\000p\000l\000e\000\040\000l\000a\000y\000e\000r\000s}{appendix.E}% 25
\BOOKMARK [2][-]{subsection.E.3}{\376\377\000C\000o\000r\000o\000l\000l\000a\000r\000y\000\040\000f\000o\000r\000\040\000s\000i\000g\000n\000a\000l\000-\000p\000l\000u\000s\000-\000n\000o\000i\000s\000e\000\040\000i\000n\000p\000u\000t\000\040\000d\000a\000t\000a}{appendix.E}% 26
\BOOKMARK [1][-]{appendix.F}{\376\377\000P\000r\000o\000o\000f\000s\000\040\000f\000o\000r\000\040\000s\000p\000i\000k\000e\000d\000\040\000e\000i\000g\000e\000n\000s\000t\000r\000u\000c\000t\000u\000r\000e\000\040\000o\000f\000\040\000t\000h\000e\000\040\000t\000r\000a\000i\000n\000e\000d\000\040\000C\000K}{}% 27
