\BOOKMARK [1][-]{section.1}{\376\377\000I\000n\000t\000r\000o\000d\000u\000c\000t\000i\000o\000n}{}% 1
\BOOKMARK [1][-]{section.2}{\376\377\000S\000e\000t\000u\000p\000:\000\040\000t\000a\000r\000g\000e\000t\000,\000\040\000a\000r\000c\000h\000i\000t\000e\000c\000t\000u\000r\000e\000,\000\040\000a\000n\000d\000\040\000c\000h\000a\000n\000n\000e\000l\000\040\000p\000a\000r\000t\000i\000a\000l\000s}{}% 2
\BOOKMARK [2][-]{subsection.2.1}{\376\377\000T\000a\000r\000g\000e\000t\000\040\000a\000n\000d\000\040\000d\000a\000t\000a}{section.2}% 3
\BOOKMARK [2][-]{subsection.2.2}{\376\377\000M\000M\000N\000N\000\040\000a\000r\000c\000h\000i\000t\000e\000c\000t\000u\000r\000e}{section.2}% 4
\BOOKMARK [2][-]{subsection.2.3}{\376\377\000R\000F\000-\000L\000R\000\040\000a\000n\000d\000\040\000c\000h\000a\000n\000n\000e\000l\000\040\000p\000a\000r\000t\000i\000a\000l\000\040\000f\000u\000n\000c\000t\000i\000o\000n\000s}{section.2}% 5
\BOOKMARK [1][-]{section.3}{\376\377\000M\000e\000t\000h\000o\000d\000o\000l\000o\000g\000y}{}% 6
\BOOKMARK [2][-]{subsection.3.1}{\376\377\000W\000h\000y\000\040\0001\000D\000\040\000d\000a\000t\000a}{section.3}% 7
\BOOKMARK [2][-]{subsection.3.2}{\376\377\000T\000r\000a\000i\000n\000i\000n\000g\000\040\000p\000r\000o\000t\000o\000c\000o\000l\000\040\000a\000n\000d\000\040\000o\000b\000s\000e\000r\000v\000a\000b\000l\000e\000s}{section.3}% 8
\BOOKMARK [1][-]{section.4}{\376\377\000M\000e\000c\000h\000a\000n\000i\000s\000m\000\040\000o\000f\000\040\000s\000p\000i\000k\000e\000\040\000l\000e\000a\000r\000n\000i\000n\000g\000\040\000a\000n\000d\000\040\000l\000o\000g\000-\000r\000a\000t\000i\000o\000\040\000c\000r\000i\000t\000e\000r\000i\000o\000n}{}% 9
\BOOKMARK [2][-]{subsection.4.1}{\376\377\000T\000w\000o\000-\000s\000i\000d\000e\000d\000\040\000s\000t\000e\000p\000\040\000t\000o\000y\000\040\000m\000o\000d\000e\000l}{section.4}% 10
\BOOKMARK [1][-]{section.5}{\376\377\000P\000l\000a\000t\000e\000a\000u\040\023\000s\000h\000a\000r\000p\040\023\000p\000l\000a\000t\000e\000a\000u\000\040\000a\000n\000d\000\040\000f\000r\000e\000q\000u\000e\000n\000c\000y\000\040\000s\000t\000r\000u\000c\000t\000u\000r\000e}{}% 11
\BOOKMARK [1][-]{section.6}{\376\377\000L\000e\000a\000r\000n\000i\000n\000g\000\040\000r\000a\000t\000e\000\040\000a\000n\000d\000\040\000s\000h\000a\000r\000p\000\040\000b\000a\000s\000i\000n\000s\000\040\000o\000n\000\040\000a\000\040\000p\000l\000a\000t\000e\000a\000u}{}% 12
\BOOKMARK [1][-]{section.7}{\376\377\000E\000x\000p\000e\000r\000i\000m\000e\000n\000t\000a\000l\000\040\000v\000a\000l\000i\000d\000a\000t\000i\000o\000n\000\040\000a\000n\000d\000\040\000f\000i\000g\000u\000r\000e\000s}{}% 13
\BOOKMARK [2][-]{subsection.7.1}{\376\377\000L\000o\000g\000-\000r\000a\000t\000i\000o\000\040\000d\000i\000a\000g\000n\000o\000s\000t\000i\000c\000s}{section.7}% 14
\BOOKMARK [2][-]{subsection.7.2}{\376\377\000O\000s\000c\000i\000l\000l\000a\000t\000o\000r\000y\000\040\000c\000o\000m\000p\000l\000e\000x\000i\000t\000y\000\040\000a\000c\000r\000o\000s\000s\000\040\000l\000a\000y\000e\000r\000s}{section.7}% 15
\BOOKMARK [2][-]{subsection.7.3}{\376\377\000L\000o\000s\000s\000,\000\040\000f\000i\000t\000,\000\040\000a\000n\000d\000\040\000p\000a\000r\000t\000i\000a\000l\000s\000\040\000b\000e\000f\000o\000r\000e\000/\000a\000f\000t\000e\000r\000\040\000L\000R\000\040\000r\000e\000d\000u\000c\000t\000i\000o\000n}{section.7}% 16
\BOOKMARK [1][-]{section.8}{\376\377\000A\000d\000a\000m\000,\000\040\000s\000y\000m\000m\000e\000t\000r\000y\000\040\000p\000r\000e\000s\000e\000r\000v\000a\000t\000i\000o\000n\000,\000\040\000a\000n\000d\000\040\000s\000c\000a\000l\000i\000n\000g}{}% 17
\BOOKMARK [2][-]{subsection.8.1}{\376\377\000A\000d\000a\000m\000\040\000a\000n\000d\000\040\000i\000n\000s\000t\000a\000b\000i\000l\000i\000t\000y}{section.8}% 18
\BOOKMARK [2][-]{subsection.8.2}{\376\377\000S\000y\000m\000m\000e\000t\000r\000y\000\040\000p\000r\000e\000s\000e\000r\000v\000a\000t\000i\000o\000n\000:\000\040\000l\000o\000w\000-\000r\000a\000n\000k\000\040\000v\000s\000\040\000f\000u\000l\000l\000-\000r\000a\000n\000k}{section.8}% 19
\BOOKMARK [2][-]{subsection.8.3}{\376\377\000S\000c\000a\000l\000i\000n\000g}{section.8}% 20
\BOOKMARK [1][-]{section.9}{\376\377\000L\000i\000m\000i\000t\000a\000t\000i\000o\000n\000s}{}% 21
\BOOKMARK [1][-]{section.10}{\376\377\000C\000o\000n\000c\000l\000u\000s\000i\000o\000n}{}% 22
\BOOKMARK [1][-]{appendix.A}{\376\377\000F\000u\000l\000l\000\040\000e\000x\000p\000e\000r\000i\000m\000e\000n\000t\000\040\000m\000e\000t\000h\000o\000d\000o\000l\000o\000g\000y\000\040\000a\000n\000d\000\040\000c\000o\000n\000f\000i\000g\000s\000\040\000\050\000e\000x\000h\000a\000u\000s\000t\000i\000v\000e\000\051}{}% 23
\BOOKMARK [2][-]{subsection.A.1}{\376\377\000T\000a\000r\000g\000e\000t\000\040\000a\000n\000d\000\040\000a\000r\000c\000h\000i\000t\000e\000c\000t\000u\000r\000e\000\040\000\050\000a\000l\000l\000\040\000e\000x\000p\000e\000r\000i\000m\000e\000n\000t\000s\000\051}{appendix.A}% 24
\BOOKMARK [2][-]{subsection.A.2}{\376\377\000M\000a\000i\000n\000\040\000f\000i\000g\000u\000r\000e\000s\000\040\000\050\000l\000o\000s\000s\000,\000\040\000f\000i\000t\000,\000\040\000p\000a\000r\000t\000i\000a\000l\000s\000\051}{appendix.A}% 25
\BOOKMARK [2][-]{subsection.A.3}{\376\377\000B\000a\000s\000e\000l\000i\000n\000e\000\040\000s\000w\000e\000e\000p\000:\000\040\000c\000o\000m\000m\000a\000n\000d\000s\000\040\000a\000n\000d\000\040\000s\000w\000e\000e\000p\000\040\000d\000e\000f\000i\000n\000i\000t\000i\000o\000n}{appendix.A}% 26
\BOOKMARK [2][-]{subsection.A.4}{\376\377\000R\000a\000n\000k\000\040\0005\000:\000\040\000e\000x\000h\000a\000u\000s\000t\000i\000v\000e\000\040\000c\000o\000u\000n\000t\000s\000\040\000a\000n\000d\000\040\000t\000a\000b\000l\000e\000s}{appendix.A}% 27
\BOOKMARK [2][-]{subsection.A.5}{\376\377\000R\000a\000n\000k\000\040\0001\0000\000\040\000\050\000s\000u\000m\000c\000o\000s\000\051\000\040\000b\000a\000t\000c\000h\000\040\000s\000u\000m\000m\000a\000r\000y}{appendix.A}% 28
\BOOKMARK [2][-]{subsection.A.6}{\376\377\000P\000l\000a\000t\000e\000a\000u\000-\000e\000s\000c\000a\000p\000e\000\040\000a\000n\000d\000\040\000l\000o\000g\000-\000r\000a\000t\000i\000o\000\040\000r\000u\000n\000s}{appendix.A}% 29
\BOOKMARK [2][-]{subsection.A.7}{\376\377\000F\000i\000l\000e\000\040\000a\000n\000d\000\040\000d\000i\000r\000e\000c\000t\000o\000r\000y\000\040\000l\000o\000c\000a\000t\000i\000o\000n\000s}{appendix.A}% 30
\BOOKMARK [2][-]{subsection.A.8}{\376\377\000C\000o\000m\000m\000a\000n\000d\000s\000\040\000\050\000e\000x\000h\000a\000u\000s\000t\000i\000v\000e\000\051}{appendix.A}% 31
\BOOKMARK [2][-]{subsection.A.9}{\376\377\000F\000r\000e\000q\000u\000e\000n\000c\000y\000/\000l\000a\000y\000e\000r\000-\000s\000c\000a\000l\000i\000n\000g}{appendix.A}% 32
\BOOKMARK [2][-]{subsection.A.10}{\376\377\000S\000y\000m\000m\000e\000t\000r\000y\000\040\000c\000o\000m\000p\000a\000r\000i\000s\000o\000n}{appendix.A}% 33
\BOOKMARK [2][-]{subsection.A.11}{\376\377\000O\000s\000c\000i\000l\000l\000a\000t\000o\000r\000y\000-\000c\000o\000m\000p\000l\000e\000x\000i\000t\000y\000\040\000\050\000p\000a\000r\000t\000i\000a\000l\000-\000f\000u\000n\000c\000t\000i\000o\000n\000\040\000m\000i\000n\000i\000m\000a\000\051}{appendix.A}% 34
\BOOKMARK [2][-]{subsection.A.12}{\376\377\000S\000c\000r\000i\000p\000t\000\040\000a\000n\000d\000\040\000d\000o\000c\000u\000m\000e\000n\000t\000\040\000i\000n\000d\000e\000x}{appendix.A}% 35
\BOOKMARK [1][-]{appendix.B}{\376\377\000S\000c\000i\000e\000n\000c\000e\000\040\000o\000f\000\040\000D\000L\000\040\000I\000m\000p\000r\000o\000v\000e\000m\000e\000n\000t\000\040\000C\000h\000a\000l\000l\000e\000n\000g\000e\000\040\000S\000u\000b\000m\000i\000s\000s\000i\000o\000n}{}% 36
\BOOKMARK [2][-]{subsection.B.1}{\376\377\000W\000h\000a\000t\000\040\000m\000o\000d\000e\000l\000\040\000a\000r\000e\000\040\000y\000o\000u\000\040\000t\000a\000r\000g\000e\000t\000i\000n\000g\000?}{appendix.B}% 37
\BOOKMARK [2][-]{subsection.B.2}{\376\377\000H\000o\000w\000\040\000d\000o\000\040\000y\000o\000u\000r\000\040\000r\000e\000s\000u\000l\000t\000s\000\040\000c\000o\000n\000t\000r\000i\000b\000u\000t\000e\040\024\000o\000r\000\040\000c\000o\000u\000l\000d\000\040\000p\000o\000t\000e\000n\000t\000i\000a\000l\000l\000y\000\040\000c\000o\000n\000t\000r\000i\000b\000u\000t\000e\040\024\000t\000o\000\040\000u\000n\000d\000e\000r\000s\000t\000a\000n\000d\000i\000n\000g\000\040\000t\000h\000e\000s\000e\000\040\000m\000o\000d\000e\000l\000s\000?}{appendix.B}% 38
\BOOKMARK [2][-]{subsection.B.3}{\376\377\000H\000o\000w\000\040\000d\000o\000\040\000y\000o\000u\000\040\000e\000x\000p\000e\000c\000t\000\040\000y\000o\000u\000r\000\040\000s\000u\000b\000m\000i\000s\000s\000i\000o\000n\000\040\000t\000o\000\040\000i\000n\000f\000l\000u\000e\000n\000c\000e\000\040\000f\000u\000t\000u\000r\000e\000\040\000w\000o\000r\000k\000?}{appendix.B}% 39
