\BOOKMARK [1][-]{section.0.1}{\376\377\000I\000n\000t\000r\000o\000d\000u\000c\000t\000i\000o\000n}{}% 1
\BOOKMARK [2][-]{subsection.0.1.1}{\376\377\000R\000e\000l\000a\000t\000e\000d\000\040\000w\000o\000r\000k}{section.0.1}% 2
\BOOKMARK [1][-]{section.0.2}{\376\377\000N\000e\000t\000w\000o\000r\000k\000\040\000d\000e\000f\000i\000n\000i\000t\000i\000o\000n\000\040\000a\000n\000d\000\040\000E\000O\000C\000\040\000p\000a\000r\000a\000m\000e\000t\000e\000r\000i\000z\000a\000t\000i\000o\000n}{}% 3
\BOOKMARK [2][-]{subsection.0.2.1}{\376\377\000R\000F\000-\000L\000R\000\040\000a\000r\000c\000h\000i\000t\000e\000c\000t\000u\000r\000e}{section.0.2}% 4
\BOOKMARK [2][-]{subsection.0.2.2}{\376\377\000P\000a\000r\000a\000m\000e\000t\000e\000r\000i\000z\000a\000t\000i\000o\000n\000,\000\040\000s\000i\000g\000n\000a\000l\000\040\000p\000r\000o\000p\000a\000g\000a\000t\000i\000o\000n\000,\000\040\000a\000n\000d\000\040\000k\000e\000r\000n\000e\000l\000s}{section.0.2}% 5
\BOOKMARK [1][-]{section.0.3}{\376\377\000N\000T\000K\000\040\000r\000e\000c\000u\000r\000s\000i\000o\000n}{}% 6
\BOOKMARK [2][-]{subsection.0.3.1}{\376\377\000L\000a\000r\000g\000e\000-\000d\000e\000p\000t\000h\000\040\000r\000e\000g\000i\000m\000e\000:\000\040\000p\000r\000o\000b\000a\000b\000i\000l\000i\000s\000t\000i\000c\000\040\000k\000e\000r\000n\000e\000l\000\040\000a\000n\000d\000\040\000e\000x\000p\000o\000n\000e\000n\000t\000i\000a\000l\000\040\000d\000e\000c\000a\000y}{section.0.3}% 7
\BOOKMARK [2][-]{subsection.0.3.2}{\376\377\000M\000i\000c\000r\000o\000s\000c\000o\000p\000i\000c\000\040\000d\000i\000s\000t\000r\000i\000b\000u\000t\000i\000o\000n\000s\000:\000\040\000F\000i\000s\000h\000e\000r\040\023\000K\000i\000b\000b\000l\000e\000\040\000d\000e\000c\000o\000u\000p\000l\000i\000n\000g}{section.0.3}% 8
\BOOKMARK [1][-]{section.0.4}{\376\377\000D\000e\000p\000t\000h\000\040\000s\000c\000a\000l\000i\000n\000g\000\040\000o\000f\000\040\000t\000h\000e\000\040\000R\000F\000-\000L\000R\000\040\000N\000T\000K}{}% 9
\BOOKMARK [2][-]{subsection.0.4.1}{\376\377\000C\000o\000r\000r\000e\000l\000a\000t\000i\000o\000n\000\040\000p\000r\000o\000p\000a\000g\000a\000t\000i\000o\000n\000\040\000a\000n\000d\000\040\000i\000n\000v\000e\000r\000s\000e\000\040\000c\000o\000s\000i\000n\000e\000\040\000d\000i\000s\000t\000a\000n\000c\000e\000s}{section.0.4}% 10
\BOOKMARK [2][-]{subsection.0.4.2}{\376\377\000R\000F\000-\000L\000R\000\040\000N\000T\000K\000:\000\040\000r\000e\000c\000u\000r\000s\000i\000o\000n\000-\000d\000r\000i\000v\000e\000n\000\040\000d\000e\000p\000t\000h\000\040\000s\000c\000a\000l\000i\000n\000g\000\040\000\050\000n\000o\000t\000\040\000t\000h\000e\000\040\000f\000u\000l\000l\000-\000M\000L\000P\000\040\000c\000l\000o\000s\000e\000d\000\040\000f\000o\000r\000m\000\051}{section.0.4}% 11
\BOOKMARK [2][-]{subsection.0.4.3}{\376\377\000I\000n\000v\000e\000r\000s\000e\000\040\000c\000o\000s\000i\000n\000e\000\040\000d\000i\000s\000t\000a\000n\000c\000e\000\040\000m\000a\000t\000r\000i\000c\000e\000s\000\040\000a\000n\000d\000\040\000s\000p\000e\000c\000t\000r\000a\000l\000\040\000b\000o\000u\000n\000d\000s}{section.0.4}% 12
\BOOKMARK [2][-]{subsection.0.4.4}{\376\377\000S\000p\000e\000c\000t\000r\000a\000l\000\040\000c\000o\000n\000s\000e\000q\000u\000e\000n\000c\000e\000s\000\040\000\050\000d\000e\000p\000t\000h\000\040\000s\000c\000a\000l\000i\000n\000g\000\051}{section.0.4}% 13
\BOOKMARK [2][-]{subsection.0.4.5}{\376\377\000A\000\040\000T\000e\000r\000j\000\351\000k\000-\000s\000t\000y\000l\000e\000\040\000d\000e\000p\000t\000h\000\040\000t\000h\000e\000o\000r\000e\000m\000\040\000f\000o\000r\000\040\000t\000h\000e\000\040\000R\000F\000-\000L\000R\000\040\000N\000T\000K\000\040\000\050\000n\000e\000w\000\040\000k\000e\000r\000n\000e\000l\000,\000\040\000n\000e\000w\000\040\000s\000c\000a\000l\000i\000n\000g\000\051}{section.0.4}% 14
\BOOKMARK [1][-]{section.0.5}{\376\377\000L\000o\000w\000-\000r\000a\000n\000k\000\040\000p\000r\000e\000s\000e\000r\000v\000e\000s\000\040\000R\000K\000H\000S}{}% 15
\BOOKMARK [2][-]{subsection.0.5.1}{\376\377\000R\000a\000n\000k\000-\000d\000r\000i\000v\000e\000n\000\040\000c\000o\000n\000c\000e\000n\000t\000r\000a\000t\000i\000o\000n\000\040\000i\000n\000\040\000R\000K\000H\000S\000\040\000\050\000G\000a\000u\000s\000s\000i\000a\000n\000\040\000n\000o\000r\000m\000s\000\040\000p\000r\000o\000d\000u\000c\000t\000\051}{section.0.5}% 16
\BOOKMARK [2][-]{subsection.0.5.2}{\376\377\000t\000h\000r\000e\000e\000-\000l\000a\000y\000e\000r\000\040\000N\000T\000K\000\040\000c\000o\000n\000c\000e\000n\000t\000r\000a\000t\000i\000o\000n}{section.0.5}% 17
\BOOKMARK [2][-]{subsection.0.5.3}{\376\377\000M\000e\000a\000n\000\040\000N\000T\000K\000\040\000o\000v\000e\000r\000\040\000F\000i\000s\000h\000e\000r\000\040\000a\000n\000d\000\040\000K\000i\000b\000b\000l\000e\000\040\000d\000i\000s\000t\000r\000i\000b\000u\000t\000i\000o\000n\000s}{section.0.5}% 18
\BOOKMARK [2][-]{subsection.0.5.4}{\376\377\000S\000p\000e\000c\000t\000r\000a\000l\000\040\000d\000e\000c\000a\000y\000\040\000a\000n\000d\000\040\000P\000u\000i\000s\000e\000u\000x\000\040\000e\000x\000p\000a\000n\000s\000i\000o\000n\000s}{section.0.5}% 19
\BOOKMARK [1][-]{section.0.6}{\376\377\000R\000F\000-\000L\000R\000\040\000G\000r\000a\000m\000\040\000M\000a\000r\000c\000h\000e\000n\000k\000o\040\023\000P\000a\000s\000t\000u\000r\000\040\000s\000p\000e\000c\000t\000r\000u\000m\000\040\000f\000o\000r\000\040\000t\000h\000r\000e\000e\000-\000l\000a\000y\000e\000r\000\040\000c\000a\000s\000e}{}% 20
\BOOKMARK [2][-]{subsection.0.6.1}{\376\377\000G\000e\000n\000e\000r\000a\000l\000\040\000s\000e\000t\000u\000p\000\040\000a\000n\000d\000\040\000s\000c\000a\000l\000i\000n\000g}{section.0.6}% 21
\BOOKMARK [2][-]{subsection.0.6.2}{\376\377\000S\000i\000g\000n\000a\000l\040\023\000n\000o\000i\000s\000e\000\040\000d\000e\000c\000o\000m\000p\000o\000s\000i\000t\000i\000o\000n\000\040\000o\000f\000\040\000t\000h\000e\000\040\000e\000m\000p\000i\000r\000i\000c\000a\000l\000\040\000N\000T\000K}{section.0.6}% 22
\BOOKMARK [2][-]{subsection.0.6.3}{\376\377\000M\000a\000c\000r\000o\000s\000c\000o\000p\000i\000c\000\040\000s\000p\000e\000c\000t\000r\000u\000m\000:\000\040\000d\000e\000f\000o\000r\000m\000e\000d\000\040\000M\000a\000r\000c\000h\000e\000n\000k\000o\040\023\000P\000a\000s\000t\000u\000r\000\040\000l\000a\000w}{section.0.6}% 23
\BOOKMARK [1][-]{section.0.7}{\376\377\000C\000o\000n\000c\000l\000u\000s\000i\000o\000n}{}% 24
\BOOKMARK [1][-]{section.0.8}{\376\377\000D\000i\000s\000c\000u\000s\000s\000i\000o\000n}{}% 25
\BOOKMARK [1][-]{section.0.A}{\376\377\000P\000r\000o\000o\000f\000s\000\040\000o\000f\000\040\000N\000T\000K\000\040\000R\000e\000c\000u\000r\000s\000i\000o\000n\000s}{}% 26
\BOOKMARK [2][-]{subsection.0.A.1}{\376\377\000P\000r\000o\000o\000f\000\040\000o\000f\000\040\000T\000h\000e\000o\000r\000e\000m\000\040\0003\000:\000\040\000I\000n\000f\000i\000n\000i\000t\000e\000-\000w\000i\000d\000t\000h\000\040\000N\000T\000K\000\040\000r\000e\000c\000u\000r\000s\000i\000o\000n}{section.0.A}% 27
\BOOKMARK [2][-]{subsection.0.A.2}{\376\377\000P\000r\000o\000o\000f\000\040\000o\000f\000\040\000T\000h\000e\000o\000r\000e\000m\000\040\0002\000:\000\040\000G\000a\000u\000s\000s\000i\000a\000n\000\040\000p\000r\000o\000c\000e\000s\000s\000\040\000c\000o\000m\000p\000o\000s\000i\000t\000i\000o\000n}{section.0.A}% 28
\BOOKMARK [2][-]{subsection.0.A.3}{\376\377\000P\000r\000o\000o\000f\000\040\000o\000f\000\040\000t\000h\000r\000e\000e\000-\000l\000a\000y\000e\000r\000\040\000N\000T\000K\000\040\000C\000o\000r\000o\000l\000l\000a\000r\000y}{section.0.A}% 29
\BOOKMARK [2][-]{subsection.0.A.4}{\376\377\000P\000r\000o\000o\000f\000\040\000o\000f\000\040\000G\000e\000n\000e\000r\000a\000l\000\040\000L\000-\000l\000a\000y\000e\000r\000\040\000N\000T\000K\000\040\000C\000o\000r\000o\000l\000l\000a\000r\000y}{section.0.A}% 30
\BOOKMARK [1][-]{section.0.B}{\376\377\000P\000r\000o\000o\000f\000s\000\040\000o\000f\000\040\000l\000o\000w\000-\000r\000a\000n\000k\000\040\000N\000T\000K\000\040\000R\000K\000H\000S}{}% 31
\BOOKMARK [2][-]{subsection.0.B.1}{\376\377\000D\000i\000s\000c\000u\000s\000s\000i\000o\000n\000\040\000o\000n\000\040\000F\000i\000s\000h\000e\000r\000\040\000a\000n\000d\000\040\000K\000i\000b\000b\000l\000e\000\040\000D\000i\000s\000t\000r\000i\000b\000u\000t\000i\000o\000n\000s}{section.0.B}% 32
\BOOKMARK [2][-]{subsection.0.B.2}{\376\377\000P\000r\000o\000o\000f\000\040\000o\000f\000\040\000T\000h\000e\000o\000r\000e\000m\000\040\0002\0002\000:\000\040\000R\000a\000n\000k\000-\000d\000r\000i\000v\000e\000n\000\040\000c\000o\000n\000c\000e\000n\000t\000r\000a\000t\000i\000o\000n}{section.0.B}% 33
\BOOKMARK [2][-]{subsection.0.B.3}{\376\377\000P\000r\000o\000o\000f\000\040\000o\000f\000\040\000C\000o\000r\000o\000l\000l\000a\000r\000y\000\040\0002\0004\000:\000\040\000C\000o\000n\000c\000e\000n\000t\000r\000a\000t\000i\000o\000n\000\040\000b\000o\000u\000n\000d\000\040\000f\000o\000r\000\040\000t\000h\000r\000e\000e\000-\000l\000a\000y\000e\000r\000\040\000N\000T\000K}{section.0.B}% 34
\BOOKMARK [2][-]{subsection.0.B.4}{\376\377\000P\000r\000o\000o\000f\000\040\000o\000f\000\040\000C\000o\000r\000o\000l\000l\000a\000r\000y\000\040\0002\0007\000:\000\040\000M\000e\000a\000n\000\040\000N\000T\000K\000\040\000o\000v\000e\000r\000\040\000F\000i\000s\000h\000e\000r\040\023\000K\000i\000b\000b\000l\000e\000\040\000h\000a\000s\000\040\000s\000a\000m\000e\000\040\000R\000K\000H\000S}{section.0.B}% 35
\BOOKMARK [2][-]{subsection.0.B.5}{\376\377\000A\000s\000y\000m\000p\000t\000o\000t\000i\000c\000\040\000s\000c\000a\000l\000i\000n\000g\000\040\000o\000f\000\040\000\040\000I\000\050\000r\000\051\000\040}{section.0.B}% 36
\BOOKMARK [1][-]{section.0.C}{\376\377\000S\000p\000e\000c\000t\000r\000u\000m\000\040\000o\000f\000\040\0003\000-\000l\000a\000y\000e\000r\000s\000\040\000G\000r\000a\000m\000\040\000N\000T\000K\000\040\000M\000a\000t\000r\000i\000x}{}% 37
\BOOKMARK [2][-]{subsection.0.C.1}{\376\377\000A\000s\000y\000m\000p\000t\000o\000t\000i\000c\000\040\000S\000i\000g\000n\000a\000l\000-\000N\000o\000i\000s\000e\000\040\000D\000e\000c\000o\000m\000p\000o\000s\000i\000t\000i\000o\000n}{section.0.C}% 38
\BOOKMARK [2][-]{subsection.0.C.2}{\376\377\000P\000r\000o\000o\000f\000\040\000o\000f\000\040\000T\000h\000e\000o\000r\000e\000m\000\040\0003\0003\000:\000\040\000D\000e\000f\000o\000r\000m\000e\000d\000\040\000M\000a\000r\000c\000h\000e\000n\000k\000o\040\023\000P\000a\000s\000t\000u\000r\000\040\000w\000i\000t\000h\000\040\000S\000p\000i\000k\000e}{section.0.C}% 39
