\BOOKMARK [1][-]{section.1}{\376\377\000I\000n\000t\000r\000o\000d\000u\000c\000t\000i\000o\000n}{}% 1
\BOOKMARK [2][-]{subsection.1.1}{\376\377\000R\000e\000l\000a\000t\000e\000d\000\040\000w\000o\000r\000k}{section.1}% 2
\BOOKMARK [1][-]{section.2}{\376\377\000N\000e\000t\000w\000o\000r\000k\000\040\000d\000e\000f\000i\000n\000i\000t\000i\000o\000n\000\040\000a\000n\000d\000\040\000E\000O\000C\000\040\000p\000a\000r\000a\000m\000e\000t\000e\000r\000i\000z\000a\000t\000i\000o\000n}{}% 3
\BOOKMARK [2][-]{subsection.2.1}{\376\377\000R\000F\000-\000L\000R\000\040\000a\000r\000c\000h\000i\000t\000e\000c\000t\000u\000r\000e}{section.2}% 4
\BOOKMARK [2][-]{subsection.2.2}{\376\377\000P\000a\000r\000a\000m\000e\000t\000e\000r\000i\000z\000a\000t\000i\000o\000n\000,\000\040\000s\000i\000g\000n\000a\000l\000\040\000p\000r\000o\000p\000a\000g\000a\000t\000i\000o\000n\000,\000\040\000a\000n\000d\000\040\000k\000e\000r\000n\000e\000l\000s}{section.2}% 5
\BOOKMARK [1][-]{section.3}{\376\377\000N\000o\000\040\000R\000K\000H\000S\000\040\000a\000d\000v\000a\000n\000t\000a\000g\000e}{}% 6
\BOOKMARK [2][-]{subsection.3.1}{\376\377\000R\000a\000n\000k\000-\000d\000r\000i\000v\000e\000n\000\040\000c\000o\000n\000c\000e\000n\000t\000r\000a\000t\000i\000o\000n\000\040\000i\000n\000\040\000R\000K\000H\000S\000\040\000\050\000G\000a\000u\000s\000s\000i\000a\000n\000\040\000n\000o\000r\000m\000s\000\040\000p\000r\000o\000d\000u\000c\000t\000\051}{section.3}% 7
\BOOKMARK [2][-]{subsection.3.2}{\376\377\000T\000w\000o\000-\000l\000a\000y\000e\000r\000\040\000N\000T\000K\000\040\000c\000o\000n\000c\000e\000n\000t\000r\000a\000t\000i\000o\000n}{section.3}% 8
\BOOKMARK [2][-]{subsection.3.3}{\376\377\000M\000e\000a\000n\000\040\000N\000T\000K\000\040\000o\000v\000e\000r\000\040\000F\000i\000s\000h\000e\000r\000\040\000a\000n\000d\000\040\000K\000i\000b\000b\000l\000e\000\040\000d\000i\000s\000t\000r\000i\000b\000u\000t\000i\000o\000n\000s}{section.3}% 9
\BOOKMARK [2][-]{subsection.3.4}{\376\377\000N\000o\000\040\000a\000d\000v\000a\000n\000t\000a\000g\000e\000\040\000i\000n\000\040\000R\000K\000H\000S}{section.3}% 10
\BOOKMARK [2][-]{subsection.3.5}{\376\377\000S\000p\000e\000c\000t\000r\000a\000l\000\040\000d\000e\000c\000a\000y\000\040\000a\000n\000d\000\040\000P\000u\000i\000s\000e\000u\000x\000\040\000e\000x\000p\000a\000n\000s\000i\000o\000n\000s}{section.3}% 11
\BOOKMARK [1][-]{section.4}{\376\377\000R\000F\000-\000L\000R\000\040\000G\000r\000a\000m\000\040\000M\000a\000r\000c\000h\000e\000n\000k\000o\040\023\000P\000a\000s\000t\000u\000r\000\040\000s\000p\000e\000c\000t\000r\000u\000m\000\040\000f\000o\000r\000\040\000t\000w\000o\000-\000l\000a\000y\000e\000r\000\040\000c\000a\000s\000e}{}% 12
\BOOKMARK [2][-]{subsection.4.1}{\376\377\000G\000e\000n\000e\000r\000a\000l\000\040\000s\000e\000t\000u\000p\000\040\000a\000n\000d\000\040\000s\000c\000a\000l\000i\000n\000g}{section.4}% 13
\BOOKMARK [2][-]{subsection.4.2}{\376\377\000S\000i\000g\000n\000a\000l\040\023\000n\000o\000i\000s\000e\000\040\000d\000e\000c\000o\000m\000p\000o\000s\000i\000t\000i\000o\000n\000\040\000o\000f\000\040\000t\000h\000e\000\040\000e\000m\000p\000i\000r\000i\000c\000a\000l\000\040\000N\000T\000K}{section.4}% 14
\BOOKMARK [2][-]{subsection.4.3}{\376\377\000M\000a\000c\000r\000o\000s\000c\000o\000p\000i\000c\000\040\000s\000p\000e\000c\000t\000r\000u\000m\000:\000\040\000d\000e\000f\000o\000r\000m\000e\000d\000\040\000M\000a\000r\000c\000h\000e\000n\000k\000o\040\023\000P\000a\000s\000t\000u\000r\000\040\000l\000a\000w}{section.4}% 15
\BOOKMARK [1][-]{section.5}{\376\377\000C\000o\000n\000c\000l\000u\000s\000i\000o\000n}{}% 16
\BOOKMARK [1][-]{section.6}{\376\377\000D\000i\000s\000c\000u\000s\000s\000i\000o\000n}{}% 17
\BOOKMARK [1][-]{appendix.1.A}{\376\377\000P\000r\000o\000o\000f\000s\000\040\000o\000f\000\040\000N\000T\000K\000\040\000R\000e\000c\000u\000r\000s\000i\000o\000n\000s}{}% 18
\BOOKMARK [2][-]{subsection.1.A.1}{\376\377\000P\000r\000o\000o\000f\000\040\000o\000f\000\040\000T\000h\000e\000o\000r\000e\000m\000\040\000?\000?\000:\000\040\000I\000n\000f\000i\000n\000i\000t\000e\000-\000w\000i\000d\000t\000h\000\040\000N\000T\000K\000\040\000r\000e\000c\000u\000r\000s\000i\000o\000n}{appendix.1.A}% 19
\BOOKMARK [2][-]{subsection.1.A.2}{\376\377\000P\000r\000o\000o\000f\000\040\000o\000f\000\040\000T\000h\000e\000o\000r\000e\000m\000\040\0002\000.\0001\000:\000\040\000G\000a\000u\000s\000s\000i\000a\000n\000\040\000p\000r\000o\000c\000e\000s\000s\000\040\000c\000o\000m\000p\000o\000s\000i\000t\000i\000o\000n}{appendix.1.A}% 20
\BOOKMARK [2][-]{subsection.1.A.3}{\376\377\000P\000r\000o\000o\000f\000\040\000o\000f\000\040\000T\000w\000o\000-\000l\000a\000y\000e\000r\000\040\000N\000T\000K\000\040\000C\000o\000r\000o\000l\000l\000a\000r\000y}{appendix.1.A}% 21
\BOOKMARK [2][-]{subsection.1.A.4}{\376\377\000P\000r\000o\000o\000f\000\040\000o\000f\000\040\000G\000e\000n\000e\000r\000a\000l\000\040\000L\000-\000l\000a\000y\000e\000r\000\040\000N\000T\000K\000\040\000C\000o\000r\000o\000l\000l\000a\000r\000y}{appendix.1.A}% 22
\BOOKMARK [2][-]{subsection.1.A.5}{\376\377\000P\000r\000o\000o\000f\000\040\000o\000f\000\040\000T\000h\000e\000o\000r\000e\000m\000\040\0003\000.\0001\000:\000\040\000R\000a\000n\000k\000-\000d\000r\000i\000v\000e\000n\000\040\000c\000o\000n\000c\000e\000n\000t\000r\000a\000t\000i\000o\000n}{appendix.1.A}% 23
\BOOKMARK [2][-]{subsection.1.A.6}{\376\377\000P\000r\000o\000o\000f\000\040\000o\000f\000\040\000C\000o\000r\000o\000l\000l\000a\000r\000y\000\040\0003\000.\0001\000:\000\040\000C\000o\000n\000c\000e\000n\000t\000r\000a\000t\000i\000o\000n\000\040\000b\000o\000u\000n\000d\000\040\000f\000o\000r\000\040\000t\000w\000o\000-\000l\000a\000y\000e\000r\000\040\000N\000T\000K}{appendix.1.A}% 24
\BOOKMARK [2][-]{subsection.1.A.7}{\376\377\000F\000i\000s\000h\000e\000r\000\040\000a\000n\000d\000\040\000K\000i\000b\000b\000l\000e\000\040\000D\000i\000s\000t\000r\000i\000b\000u\000t\000i\000o\000n\000s}{appendix.1.A}% 25
\BOOKMARK [2][-]{subsection.1.A.8}{\376\377\000P\000r\000o\000o\000f\000\040\000o\000f\000\040\000C\000o\000r\000o\000l\000l\000a\000r\000y\000\040\0003\000.\0002\000:\000\040\000M\000e\000a\000n\000\040\000N\000T\000K\000\040\000o\000v\000e\000r\000\040\000F\000i\000s\000h\000e\000r\040\023\000K\000i\000b\000b\000l\000e\000\040\000h\000a\000s\000\040\000s\000a\000m\000e\000\040\000R\000K\000H\000S}{appendix.1.A}% 26
\BOOKMARK [1][-]{appendix.1.B}{\376\377\000S\000p\000e\000c\000t\000r\000a\000l\000\040\000T\000h\000e\000o\000r\000y}{}% 27
\BOOKMARK [2][-]{subsection.1.B.1}{\376\377\000A\000s\000y\000m\000p\000t\000o\000t\000i\000c\000\040\000S\000i\000g\000n\000a\000l\000-\000N\000o\000i\000s\000e\000\040\000D\000e\000c\000o\000m\000p\000o\000s\000i\000t\000i\000o\000n}{appendix.1.B}% 28
\BOOKMARK [2][-]{subsection.1.B.2}{\376\377\000P\000r\000o\000o\000f\000\040\000o\000f\000\040\000T\000h\000e\000o\000r\000e\000m\000\040\0004\000.\0002\000:\000\040\000D\000e\000f\000o\000r\000m\000e\000d\000\040\000M\000a\000r\000c\000h\000e\000n\000k\000o\040\023\000P\000a\000s\000t\000u\000r\000\040\000w\000i\000t\000h\000\040\000S\000p\000i\000k\000e}{appendix.1.B}% 29
