\BOOKMARK [1][-]{section.1}{\376\377\000I\000n\000t\000r\000o\000d\000u\000c\000t\000i\000o\000n}{}% 1
\BOOKMARK [1][-]{section.2}{\376\377\000R\000e\000l\000a\000t\000e\000d\000\040\000W\000o\000r\000k}{}% 2
\BOOKMARK [2][-]{subsection.2.1}{\376\377\000M\000e\000a\000n\000-\000F\000i\000e\000l\000d\000\040\000T\000h\000e\000o\000r\000y\000\040\000f\000o\000r\000\040\000N\000e\000u\000r\000a\000l\000\040\000N\000e\000t\000w\000o\000r\000k\000s}{section.2}% 3
\BOOKMARK [2][-]{subsection.2.2}{\376\377\000L\000o\000w\000-\000R\000a\000n\000k\000\040\000N\000e\000u\000r\000a\000l\000\040\000N\000e\000t\000w\000o\000r\000k\000s}{section.2}% 4
\BOOKMARK [2][-]{subsection.2.3}{\376\377\000R\000a\000n\000d\000o\000m\000\040\000F\000e\000a\000t\000u\000r\000e\000s\000\040\000a\000n\000d\000\040\000N\000e\000u\000r\000a\000l\000\040\000T\000a\000n\000g\000e\000n\000t\000\040\000K\000e\000r\000n\000e\000l}{section.2}% 5
\BOOKMARK [2][-]{subsection.2.4}{\376\377\000O\000u\000r\000\040\000C\000o\000n\000t\000r\000i\000b\000u\000t\000i\000o\000n}{section.2}% 6
\BOOKMARK [1][-]{section.3}{\376\377\000M\000e\000a\000n\000-\000F\000i\000e\000l\000d\000\040\000T\000h\000e\000o\000r\000y\000\040\000a\000n\000d\000\040\000P\000r\000o\000o\000f\000\040\000I\000d\000e\000a\000s}{}% 7
\BOOKMARK [2][-]{subsection.3.1}{\376\377\000M\000e\000a\000n\000-\000F\000i\000e\000l\000d\000\040\000L\000i\000m\000i\000t\000\040\000F\000r\000a\000m\000e\000w\000o\000r\000k\000\040\000f\000o\000r\000\040\000M\000u\000l\000t\000i\000-\000L\000a\000y\000e\000r\000\040\000N\000e\000t\000w\000o\000r\000k\000s}{section.3}% 8
\BOOKMARK [2][-]{subsection.3.2}{\376\377\000S\000e\000t\000u\000p\000\040\000a\000n\000d\000\040\000A\000r\000c\000h\000i\000t\000e\000c\000t\000u\000r\000e}{section.3}% 9
\BOOKMARK [2][-]{subsection.3.3}{\376\377\000M\000e\000a\000n\000-\000F\000i\000e\000l\000d\000\040\000O\000D\000E\000\040\000D\000e\000r\000i\000v\000a\000t\000i\000o\000n}{section.3}% 10
\BOOKMARK [2][-]{subsection.3.4}{\376\377\000A\000s\000s\000u\000m\000p\000t\000i\000o\000n\000s}{section.3}% 11
\BOOKMARK [2][-]{subsection.3.5}{\376\377\000W\000e\000l\000l\000-\000P\000o\000s\000e\000d\000n\000e\000s\000s\000:\000\040\000E\000x\000i\000s\000t\000e\000n\000c\000e\000\040\000a\000n\000d\000\040\000U\000n\000i\000q\000u\000e\000n\000e\000s\000s}{section.3}% 12
\BOOKMARK [2][-]{subsection.3.6}{\376\377\000G\000l\000o\000b\000a\000l\000\040\000C\000o\000n\000v\000e\000r\000g\000e\000n\000c\000e\000\040\000\050\000P\000r\000o\000o\000f\000\040\000I\000d\000e\000a\000s\000\051}{section.3}% 13
\BOOKMARK [2][-]{subsection.3.7}{\376\377\000Q\000u\000a\000n\000t\000i\000t\000a\000t\000i\000v\000e\000\040\000A\000p\000p\000r\000o\000x\000i\000m\000a\000t\000i\000o\000n\000\040\000b\000y\000\040\000t\000h\000e\000\040\000M\000e\000a\000n\000-\000F\000i\000e\000l\000d\000\040\000L\000i\000m\000i\000t}{section.3}% 14
\BOOKMARK [2][-]{subsection.3.8}{\376\377\000C\000h\000a\000n\000n\000e\000l\000\040\000S\000p\000e\000c\000i\000a\000l\000i\000z\000a\000t\000i\000o\000n\000\040\000M\000e\000c\000h\000a\000n\000i\000s\000m}{section.3}% 15
\BOOKMARK [1][-]{section.4}{\376\377\000N\000u\000m\000e\000r\000i\000c\000a\000l\000\040\000E\000x\000p\000e\000r\000i\000m\000e\000n\000t\000s}{}% 16
\BOOKMARK [2][-]{subsection.4.1}{\376\377\000E\000x\000p\000e\000r\000i\000m\000e\000n\000t\000a\000l\000\040\000S\000e\000t\000u\000p}{section.4}% 17
\BOOKMARK [2][-]{subsection.4.2}{\376\377\000A\000b\000l\000a\000t\000i\000o\000n\000\040\000S\000t\000u\000d\000i\000e\000s\000\040\000o\000n\000\040\000F\000r\000e\000q\000u\000e\000n\000c\000y\000-\000D\000e\000p\000e\000n\000d\000e\000n\000t\000\040\000F\000u\000n\000c\000t\000i\000o\000n\000\040\000A\000p\000p\000r\000o\000x\000i\000m\000a\000t\000i\000o\000n}{section.4}% 18
\BOOKMARK [2][-]{subsection.4.3}{\376\377\000D\000i\000s\000c\000u\000s\000s\000i\000o\000n}{section.4}% 19
\BOOKMARK [2][-]{subsection.4.4}{\376\377\000M\000e\000a\000n\000-\000F\000i\000e\000l\000d\000\040\000A\000n\000a\000l\000y\000s\000i\000s\000\040\000o\000f\000\040\000C\000h\000a\000n\000n\000e\000l\000\040\000S\000p\000e\000c\000i\000a\000l\000i\000z\000a\000t\000i\000o\000n}{section.4}% 20
\BOOKMARK [1][-]{section.5}{\376\377\000C\000o\000n\000c\000l\000u\000s\000i\000o\000n}{}% 21
\BOOKMARK [1][-]{appendix.A}{\376\377\000N\000o\000t\000a\000t\000i\000o\000n\000\040\000a\000n\000d\000\040\000N\000e\000u\000r\000o\000n\000a\000l\000\040\000E\000m\000b\000e\000d\000d\000i\000n\000g\000\040\000F\000r\000a\000m\000e\000w\000o\000r\000k}{}% 22
\BOOKMARK [1][-]{appendix.B}{\376\377\000T\000e\000c\000h\000n\000i\000c\000a\000l\000\040\000L\000e\000m\000m\000a\000s\000\040\000a\000n\000d\000\040\000P\000r\000o\000o\000f\000s\000\040\000f\000o\000r\000\040\000W\000e\000l\000l\000-\000P\000o\000s\000e\000d\000n\000e\000s\000s}{}% 23
\BOOKMARK [2][-]{subsection.B.1}{\376\377\000K\000e\000y\000\040\000T\000e\000c\000h\000n\000i\000c\000a\000l\000\040\000L\000e\000m\000m\000a\000:\000\040\000B\000i\000-\000L\000i\000p\000s\000c\000h\000i\000t\000z\000\040\000P\000r\000o\000p\000e\000r\000t\000y}{appendix.B}% 24
\BOOKMARK [2][-]{subsection.B.2}{\376\377\000N\000o\000r\000m\000s\000\040\000a\000n\000d\000\040\000S\000p\000a\000c\000e\000s}{appendix.B}% 25
\BOOKMARK [2][-]{subsection.B.3}{\376\377\000S\000o\000l\000u\000t\000i\000o\000n\000\040\000O\000p\000e\000r\000a\000t\000o\000r\000\040\000a\000n\000d\000\040\000F\000i\000x\000e\000d\000\040\000P\000o\000i\000n\000t\000\040\000F\000o\000r\000m\000u\000l\000a\000t\000i\000o\000n}{appendix.B}% 26
\BOOKMARK [2][-]{subsection.B.4}{\376\377\000A\000\040\000P\000r\000i\000o\000r\000i\000\040\000B\000o\000u\000n\000d\000s}{appendix.B}% 27
\BOOKMARK [2][-]{subsection.B.5}{\376\377\000D\000i\000f\000f\000e\000r\000e\000n\000c\000e\000\040\000E\000s\000t\000i\000m\000a\000t\000e}{appendix.B}% 28
\BOOKMARK [2][-]{subsection.B.6}{\376\377\000C\000o\000m\000p\000l\000e\000t\000e\000\040\000P\000r\000o\000o\000f\000\040\000o\000f\000\040\000T\000h\000e\000o\000r\000e\000m\000\040\0003\000.\0001}{appendix.B}% 29
\BOOKMARK [1][-]{appendix.C}{\376\377\000A\000s\000s\000u\000m\000p\000t\000i\000o\000n\000s}{}% 30
\BOOKMARK [1][-]{appendix.D}{\376\377\000D\000e\000t\000a\000i\000l\000e\000d\000\040\000P\000r\000o\000o\000f\000\040\000S\000k\000e\000t\000c\000h\000e\000s}{}% 31
\BOOKMARK [2][-]{subsection.D.1}{\376\377\000W\000e\000l\000l\000-\000P\000o\000s\000e\000d\000n\000e\000s\000s\000:\000\040\000P\000i\000c\000a\000r\000d\000\040\000I\000t\000e\000r\000a\000t\000i\000o\000n\000\040\000D\000e\000t\000a\000i\000l\000s}{appendix.D}% 32
\BOOKMARK [2][-]{subsection.D.2}{\376\377\000R\000a\000t\000e\000\040\000E\000x\000t\000r\000a\000c\000t\000i\000o\000n\000\040\000f\000r\000o\000m\000\040\000P\000r\000o\000o\000f\000\040\000S\000t\000r\000a\000t\000e\000g\000y}{appendix.D}% 33
\BOOKMARK [1][-]{appendix.E}{\376\377\000A\000d\000d\000i\000t\000i\000o\000n\000a\000l\000\040\000E\000x\000p\000e\000r\000i\000m\000e\000n\000t\000a\000l\000\040\000D\000e\000t\000a\000i\000l\000s}{}% 34
\BOOKMARK [2][-]{subsection.E.1}{\376\377\000D\000a\000t\000a\000s\000e\000t\000\040\000D\000e\000s\000c\000r\000i\000p\000t\000i\000o\000n\000s}{appendix.E}% 35
\BOOKMARK [2][-]{subsection.E.2}{\376\377\000H\000y\000p\000e\000r\000p\000a\000r\000a\000m\000e\000t\000e\000r\000\040\000S\000e\000t\000t\000i\000n\000g\000s}{appendix.E}% 36
\BOOKMARK [2][-]{subsection.E.3}{\376\377\000A\000d\000d\000i\000t\000i\000o\000n\000a\000l\000\040\000P\000l\000o\000t\000s}{appendix.E}% 37
\BOOKMARK [1][-]{appendix.F}{\376\377\000T\000e\000c\000h\000n\000i\000c\000a\000l\000\040\000L\000e\000m\000m\000a\000s\000\040\000f\000r\000o\000m\000\040\000m\000e\000a\000n\000f\000i\000e\000l\000d\000\137\000l\000o\000w\000r\000a\000n\000k\000.\000t\000e\000x}{}% 38
\BOOKMARK [2][-]{subsection.F.1}{\376\377\000C\000h\000a\000n\000n\000e\000l\000\040\000M\000i\000x\000i\000n\000g\000\040\000a\000n\000d\000\040\000L\000o\000w\000-\000R\000a\000n\000k\000\040\000S\000t\000r\000u\000c\000t\000u\000r\000e}{appendix.F}% 39
\BOOKMARK [2][-]{subsection.F.2}{\376\377\000P\000a\000r\000t\000i\000a\000l\000\040\000F\000u\000n\000c\000t\000i\000o\000n\000s\000\040\000a\000n\000d\000\040\000M\000e\000a\000s\000u\000r\000e\000-\000V\000a\000l\000u\000e\000d\000\040\000E\000v\000o\000l\000u\000t\000i\000o\000n}{appendix.F}% 40
\BOOKMARK [2][-]{subsection.F.3}{\376\377\000O\000n\000e\000-\000S\000p\000a\000r\000s\000e\000\040\000I\000n\000v\000a\000r\000i\000a\000n\000t\000\040\000M\000a\000n\000i\000f\000o\000l\000d}{appendix.F}% 41
\BOOKMARK [1][-]{appendix.G}{\376\377\000Q\000u\000a\000n\000t\000i\000t\000a\000t\000i\000v\000e\000\040\000A\000p\000p\000r\000o\000x\000i\000m\000a\000t\000i\000o\000n\000\040\000b\000y\000\040\000t\000h\000e\000\040\000M\000e\000a\000n\000-\000F\000i\000e\000l\000d\000\040\000L\000i\000m\000i\000t\000\040\000f\000o\000r\000\040\000L\000o\000w\000-\000R\000a\000n\000k\000\040\000N\000e\000t\000w\000o\000r\000k\000s}{}% 42
\BOOKMARK [2][-]{subsection.G.1}{\376\377\000M\000a\000i\000n\000\040\000R\000e\000s\000u\000l\000t\000:\000\040\000A\000p\000p\000r\000o\000x\000i\000m\000a\000t\000i\000o\000n\000\040\000b\000y\000\040\000t\000h\000e\000\040\000M\000F\000\040\000L\000i\000m\000i\000t}{appendix.G}% 43
\BOOKMARK [2][-]{subsection.G.2}{\376\377\000P\000a\000r\000t\000i\000c\000l\000e\000\040\000O\000D\000E\000s\000\040\000f\000o\000r\000\040\000L\000o\000w\000-\000R\000a\000n\000k\000\040\000N\000e\000t\000w\000o\000r\000k\000s}{appendix.G}% 44
\BOOKMARK [2][-]{subsection.G.3}{\376\377\000K\000e\000y\000\040\000L\000e\000m\000m\000a\000s}{appendix.G}% 45
\BOOKMARK [2][-]{subsection.G.4}{\376\377\000P\000r\000o\000o\000f\000\040\000o\000f\000\040\000L\000e\000m\000m\000a\000\040\000G\000.\0005}{appendix.G}% 46
\BOOKMARK [2][-]{subsection.G.5}{\376\377\000P\000r\000o\000o\000f\000\040\000o\000f\000\040\000L\000e\000m\000m\000a\000\040\000G\000.\0006}{appendix.G}% 47
\BOOKMARK [2][-]{subsection.G.6}{\376\377\000D\000i\000s\000c\000u\000s\000s\000i\000o\000n\000:\000\040\000W\000i\000d\000t\000h\000\040\000R\000e\000q\000u\000i\000r\000e\000m\000e\000n\000t\000\040\000a\000n\000d\000\040\000E\000x\000p\000o\000n\000e\000n\000t\000i\000a\000l\000\040\000F\000a\000c\000t\000o\000r}{appendix.G}% 48
\BOOKMARK [1][-]{appendix.H}{\376\377\000P\000r\000o\000o\000f\000\040\000o\000f\000\040\000L\000e\000m\000m\000a\000\040\0003\000.\0006}{}% 49
\BOOKMARK [1][-]{appendix.I}{\376\377\000I\000m\000p\000l\000e\000m\000e\000n\000t\000a\000t\000i\000o\000n\000\040\000D\000e\000t\000a\000i\000l\000s}{}% 50
