\BOOKMARK [1][-]{section.1}{\376\377\000I\000n\000t\000r\000o\000d\000u\000c\000t\000i\000o\000n}{}% 1
\BOOKMARK [1][-]{section.2}{\376\377\000T\000h\000e\000\040\000a\000c\000t\000u\000a\000l\000\040\000M\000M\000N\000N\000\040\000a\000n\000d\000\040\000i\000t\000s\000\040\000p\000a\000t\000h\000w\000i\000s\000e\000\040\000N\000T\000K}{}% 2
\BOOKMARK [1][-]{section.3}{\376\377\000F\000e\000y\000n\000m\000a\000n\000\040\000r\000u\000l\000e\000s\000:\000\040\000w\000i\000d\000t\000h\000\040\000l\000o\000o\000p\000s\000,\000\040\000r\000a\000n\000k\000\040\000l\000o\000o\000p\000s\000,\000\040\000a\000n\000d\000\040\000c\000o\000n\000n\000e\000c\000t\000e\000d\000\040\000v\000e\000r\000t\000i\000c\000e\000s}{}% 3
\BOOKMARK [1][-]{section.4}{\376\377\000N\000o\000n\000-\000M\000M\000N\000N\000\040\000t\000h\000e\000o\000r\000y\000\040\000i\000n\000\040\000t\000h\000e\000\040\000e\000x\000a\000c\000t\000\040\000t\000e\000n\000s\000o\000r\000\040\000f\000r\000a\000m\000e\000w\000o\000r\000k}{}% 4
\BOOKMARK [1][-]{section.5}{\376\377\000E\000x\000a\000c\000t\000\040\000c\000o\000m\000p\000o\000n\000e\000n\000t\000w\000i\000s\000e\000\040\000d\000e\000p\000t\000h\000\040\000p\000o\000w\000e\000r\000s}{}% 5
\BOOKMARK [1][-]{section.6}{\376\377\000W\000h\000a\000t\000\040\000t\000h\000e\000\040\000o\000r\000i\000g\000i\000n\000a\000l\000\040\000p\000l\000o\000t\000\040\000e\000x\000p\000o\000n\000e\000n\000t\000s\000\040\000m\000e\000a\000s\000u\000r\000e}{}% 6
\BOOKMARK [1][-]{section.7}{\376\377\000A\000l\000l\000-\000v\000a\000l\000e\000n\000c\000e\000\040\000l\000o\000w\000-\000r\000a\000n\000k\000\040\000c\000a\000l\000c\000u\000l\000u\000s}{}% 7
\BOOKMARK [2][-]{subsection.7.1}{\376\377\000T\000h\000e\000\040\000a\000c\000t\000u\000a\000l\000\040\000G\000a\000u\000s\000s\000i\000a\000n\000\040\000M\000M\000N\000N\000\040\000v\000e\000r\000t\000e\000x}{section.7}% 8
\BOOKMARK [2][-]{subsection.7.2}{\376\377\000W\000h\000i\000t\000e\000n\000e\000d\000\040\000o\000r\000i\000e\000n\000t\000a\000t\000i\000o\000n\000\040\000a\000n\000d\000\040\000o\000r\000t\000h\000o\000g\000o\000n\000a\000l\000\040\000W\000e\000i\000n\000g\000a\000r\000t\000e\000n\000\040\000c\000a\000l\000c\000u\000l\000u\000s}{section.7}% 9
\BOOKMARK [1][-]{section.8}{\376\377\000M\000M\000N\000N\000\040\000a\000n\000a\000l\000o\000g\000u\000e\000s\000\040\000a\000n\000d\000\040\000t\000h\000e\000i\000r\000\040\000e\000x\000a\000c\000t\000\040\000d\000e\000p\000t\000h\000\040\000e\000x\000p\000o\000n\000e\000n\000t\000s}{}% 10
\BOOKMARK [1][-]{section.9}{\376\377\000B\000e\000n\000i\000g\000n\000i\040\023\000P\000a\000q\000u\000e\000t\000t\000e\000\040\000b\000l\000o\000c\000k\000s\000\040\000a\000n\000d\000\040\000m\000u\000l\000t\000i\000l\000a\000y\000e\000r\000\040\000c\000o\000n\000c\000a\000t\000e\000n\000a\000t\000i\000o\000n}{}% 11
\BOOKMARK [2][-]{subsection.9.1}{\376\377\000S\000p\000e\000c\000t\000r\000a\000l\000\040\000d\000e\000v\000i\000a\000t\000i\000o\000n\000s\000\040\000a\000r\000o\000u\000n\000d\000\040\000t\000h\000e\000\040\000q\000u\000a\000d\000r\000a\000t\000i\000c\000-\000s\000c\000a\000l\000i\000n\000g\000\040\000b\000u\000l\000k}{section.9}% 12
\BOOKMARK [1][-]{section.10}{\376\377\000N\000e\000u\000r\000a\000l\000\040\000q\000u\000a\000d\000r\000a\000t\000i\000c\000\040\000f\000o\000r\000m\000s\000\040\000a\000s\000\040\000a\000n\000\040\000e\000x\000a\000c\000t\000\040\000L\000a\000n\000d\000a\000u\000\040\000r\000e\000s\000u\000m\000m\000a\000t\000i\000o\000n}{}% 13
\BOOKMARK [2][-]{subsection.10.1}{\376\377\000S\000y\000m\000m\000e\000t\000r\000y\000,\000\040\000t\000h\000e\000\040\000n\000o\000r\000m\000a\000l\000\040\000f\000o\000r\000m\000,\000\040\000a\000n\000d\000\040\000t\000h\000e\000\040\000M\000M\000N\000N\000\040\000d\000i\000c\000t\000i\000o\000n\000a\000r\000y}{section.10}% 14
\BOOKMARK [2][-]{subsection.10.2}{\376\377\000C\000l\000o\000s\000e\000d\000\040\000d\000y\000n\000a\000m\000i\000c\000s\000\040\000a\000n\000d\000\040\000t\000h\000e\000\040\000r\000e\000s\000u\000m\000m\000e\000d\000\040\000d\000y\000n\000a\000m\000i\000c\000\040\000N\000T\000K}{section.10}% 15
\BOOKMARK [2][-]{subsection.10.3}{\376\377\000E\000x\000a\000c\000t\000\040\000s\000p\000e\000c\000t\000r\000u\000m\000,\000\040\000m\000o\000d\000e\000\040\000i\000g\000n\000i\000t\000i\000o\000n\000,\000\040\000a\000n\000d\000\040\000f\000i\000n\000i\000t\000e\000-\000r\000a\000n\000k\000\040\000c\000l\000o\000c\000k\000\040\000d\000i\000s\000o\000r\000d\000e\000r}{section.10}% 16
\BOOKMARK [2][-]{subsection.10.4}{\376\377\000H\000i\000g\000h\000e\000r\000\040\000v\000e\000r\000t\000i\000c\000e\000s\000,\000\040\000d\000e\000p\000t\000h\000,\000\040\000a\000n\000d\000\040\000t\000h\000e\000\040\000B\000e\000n\000i\000g\000n\000i\040\023\000P\000a\000q\000u\000e\000t\000t\000e\000\040\000s\000p\000e\000c\000t\000r\000u\000m}{section.10}% 17
\BOOKMARK [1][-]{section.11}{\376\377\000F\000r\000o\000m\000\040\000t\000e\000n\000s\000o\000r\000\040\000c\000u\000m\000u\000l\000a\000n\000t\000s\000\040\000t\000o\000\040\000e\000i\000g\000e\000n\000v\000a\000l\000u\000e\000s\000\040\000a\000n\000d\000\040\000e\000i\000g\000e\000n\000v\000e\000c\000t\000o\000r\000s}{}% 18
\BOOKMARK [2][-]{subsection.11.1}{\376\377\000G\000e\000n\000e\000r\000a\000l\000\040\000m\000a\000t\000r\000i\000x\000\040\000D\000y\000s\000o\000n\000\040\000e\000q\000u\000a\000t\000i\000o\000n}{section.11}% 19
\BOOKMARK [2][-]{subsection.11.2}{\376\377\000I\000s\000o\000t\000r\000o\000p\000i\000c\000\040\000d\000e\000f\000o\000r\000m\000e\000d\000-\000W\000i\000g\000n\000e\000r\000\040\000s\000e\000c\000t\000o\000r}{section.11}% 20
\BOOKMARK [1][-]{section.12}{\376\377\000P\000o\000w\000e\000r\000-\000l\000a\000w\000\040\000d\000a\000t\000a\000\040\000a\000n\000d\000\040\000e\000a\000r\000l\000y\000\040\000s\000t\000o\000p\000p\000i\000n\000g}{}% 21
\BOOKMARK [1][-]{section.13}{\376\377\000N\000u\000m\000e\000r\000i\000c\000a\000l\000\040\000a\000n\000d\000\040\000s\000y\000m\000b\000o\000l\000i\000c\000\040\000v\000a\000l\000i\000d\000a\000t\000i\000o\000n}{}% 22
\BOOKMARK [1][-]{section.14}{\376\377\000D\000i\000s\000c\000u\000s\000s\000i\000o\000n}{}% 23
\BOOKMARK [1][-]{appendix.A}{\376\377\000P\000r\000o\000o\000f\000\040\000o\000f\000\040\000t\000h\000e\000\040\000p\000a\000t\000h\000w\000i\000s\000e\000\040\000M\000M\000N\000N\000\040\000r\000e\000c\000u\000r\000s\000i\000o\000n}{}% 24
\BOOKMARK [1][-]{appendix.B}{\376\377\000P\000r\000o\000o\000f\000s\000\040\000o\000f\000\040\000t\000h\000e\000\040\000l\000o\000w\000-\000r\000a\000n\000k\000\040\000m\000o\000m\000e\000n\000t\000\040\000f\000o\000r\000m\000u\000l\000a\000s}{}% 25
\BOOKMARK [1][-]{appendix.C}{\376\377\000D\000e\000t\000e\000r\000m\000i\000n\000i\000s\000t\000i\000c\000\040\000o\000r\000t\000h\000a\000n\000t\000\040\000e\000v\000a\000l\000u\000a\000t\000i\000o\000n}{}% 26
\BOOKMARK [1][-]{appendix.D}{\376\377\000C\000r\000i\000t\000i\000c\000a\000l\000\040\000a\000s\000y\000m\000p\000t\000o\000t\000i\000c\000s\000\040\000a\000n\000d\000\040\000c\000o\000l\000l\000i\000s\000i\000o\000n\000-\000s\000e\000c\000t\000o\000r\000\040\000p\000r\000o\000o\000f}{}% 27
\BOOKMARK [2][-]{subsection.D.1}{\376\377\000A\000n\000g\000l\000e\000\040\000a\000n\000d\000\040\000N\000T\000K\000\040\000l\000o\000g\000a\000r\000i\000t\000h\000m}{appendix.D}% 28
\BOOKMARK [2][-]{subsection.D.2}{\376\377\000C\000o\000l\000l\000i\000s\000i\000o\000n\000\040\000g\000e\000n\000e\000r\000a\000t\000o\000r\000s}{appendix.D}% 29
\BOOKMARK [1][-]{appendix.E}{\376\377\000D\000y\000s\000o\000n\000\040\000a\000n\000d\000\040\000f\000r\000e\000e\000-\000m\000o\000m\000e\000n\000t\000\040\000d\000e\000r\000i\000v\000a\000t\000i\000o\000n}{}% 30
\BOOKMARK [1][-]{appendix.F}{\376\377\000P\000o\000w\000e\000r\000-\000l\000a\000w\000\040\000a\000s\000y\000m\000p\000t\000o\000t\000i\000c\000s}{}% 31
\BOOKMARK [1][-]{appendix.G}{\376\377\000R\000e\000p\000r\000o\000d\000u\000c\000i\000b\000i\000l\000i\000t\000y}{}% 32
