\BOOKMARK [1][-]{section.1}{\376\377\000I\000n\000t\000r\000o\000d\000u\000c\000t\000i\000o\000n}{}% 1
\BOOKMARK [1][-]{section.2}{\376\377\000R\000e\000l\000a\000t\000e\000d\000\040\000W\000o\000r\000k}{}% 2
\BOOKMARK [1][-]{section.3}{\376\377\000M\000o\000d\000e\000l\000s\000\040\000a\000n\000d\000\040\000F\000u\000l\000l\000-\000R\000a\000n\000k\000\040\000M\000a\000t\000c\000h\000i\000n\000g}{}% 3
\BOOKMARK [1][-]{section.4}{\376\377\000S\000t\000i\000e\000f\000e\000l\000\040\000P\000r\000o\000j\000e\000c\000t\000o\000r\000\040\000V\000e\000r\000t\000i\000c\000e\000s}{}% 4
\BOOKMARK [2][-]{subsection.4.1}{\376\377\000T\000r\000i\000a\000n\000g\000u\000l\000a\000r\000\040\000t\000e\000n\000s\000o\000r\000\040\000r\000e\000c\000u\000r\000s\000i\000o\000n}{section.4}% 5
\BOOKMARK [1][-]{section.5}{\376\377\000T\000e\000n\000s\000o\000r\000\040\000S\000c\000a\000l\000i\000n\000g\000\040\000a\000t\000\040\000R\000e\000L\000U\000\040\000E\000d\000g\000e\000\040\000o\000f\000\040\000C\000h\000a\000o\000s}{}% 6
\BOOKMARK [1][-]{section.6}{\376\377\000O\000p\000e\000r\000a\000t\000o\000r\000\040\000C\000o\000n\000c\000e\000n\000t\000r\000a\000t\000i\000o\000n\000\040\000a\000n\000d\000\040\000S\000p\000e\000c\000t\000r\000a\000l\000\040\000P\000r\000e\000s\000e\000r\000v\000a\000t\000i\000o\000n}{}% 7
\BOOKMARK [2][-]{subsection.6.1}{\376\377\000R\000F\000-\000L\000R\000\040\000m\000e\000m\000o\000r\000y\000\040\000a\000n\000d\000\040\000r\000a\000n\000k\000-\000d\000e\000p\000t\000h\000\040\000r\000u\000l\000e\000s}{section.6}% 8
\BOOKMARK [1][-]{section.7}{\376\377\000C\000o\000n\000c\000l\000u\000s\000i\000o\000n}{}% 9
\BOOKMARK [1][-]{appendix.A}{\376\377\000P\000r\000o\000o\000f\000\040\000D\000e\000t\000a\000i\000l\000s\000\040\000f\000o\000r\000\040\000T\000r\000a\000n\000s\000p\000o\000r\000t\000\040\000a\000n\000d\000\040\000T\000e\000n\000s\000o\000r\000\040\000H\000i\000e\000r\000a\000r\000c\000h\000y}{}% 10
\BOOKMARK [1][-]{appendix.B}{\376\377\000T\000h\000r\000e\000e\000-\000L\000a\000y\000e\000r\000\040\000F\000i\000n\000i\000t\000e\000-\000R\000a\000n\000k\000\040\000C\000a\000l\000c\000u\000l\000a\000t\000i\000o\000n}{}% 11
\BOOKMARK [1][-]{appendix.C}{\376\377\000N\000T\000K\000\040\000D\000e\000s\000c\000e\000n\000d\000a\000n\000t\000s\000\040\000a\000n\000d\000\040\000T\000r\000a\000i\000n\000i\000n\000g\000-\000T\000i\000m\000e\000\040\000D\000r\000i\000f\000t}{}% 12
\BOOKMARK [1][-]{appendix.D}{\376\377\000F\000u\000l\000l\000\040\000P\000r\000o\000o\000f\000\040\000o\000f\000\040\000t\000h\000e\000\040\000F\000r\000o\000z\000e\000n\000-\000L\000e\000f\000t\000\040\000D\000e\000c\000o\000m\000p\000o\000s\000i\000t\000i\000o\000n}{}% 13
\BOOKMARK [1][-]{appendix.E}{\376\377\000R\000a\000n\000k\000\040\000C\000u\000m\000u\000l\000a\000n\000t\000\040\000P\000o\000w\000e\000r\000\040\000C\000o\000u\000n\000t\000i\000n\000g}{}% 14
\BOOKMARK [1][-]{appendix.F}{\376\377\000P\000r\000o\000j\000e\000c\000t\000o\000r\000\040\000C\000u\000m\000u\000l\000a\000n\000t\000s\000\040\000B\000e\000y\000o\000n\000d\000\040\000S\000e\000c\000o\000n\000d\000\040\000O\000r\000d\000e\000r}{}% 15
\BOOKMARK [1][-]{appendix.G}{\376\377\000L\000o\000w\000-\000R\000a\000n\000k\000\040\000D\000i\000a\000g\000r\000a\000m\000m\000a\000t\000i\000c\000\040\000R\000u\000l\000e\000s}{}% 16
\BOOKMARK [2][-]{subsection.G.1}{\376\377\000D\000e\000n\000s\000e\000\040\000N\000T\000K\000\040\000r\000u\000l\000e\000s\000\040\000a\000n\000d\000\040\000l\000o\000w\000-\000r\000a\000n\000k\000\040\000r\000e\000p\000l\000a\000c\000e\000m\000e\000n\000t}{appendix.G}% 17
\BOOKMARK [2][-]{subsection.G.2}{\376\377\000W\000o\000r\000k\000e\000d\000\040\000e\000x\000a\000m\000p\000l\000e\000:\000\040\000o\000n\000e\000\040\000N\000T\000K\000-\000m\000e\000a\000n\000\040\000c\000o\000r\000r\000e\000c\000t\000i\000o\000n}{appendix.G}% 18
\BOOKMARK [2][-]{subsection.G.3}{\376\377\000S\000u\000m\000m\000a\000r\000y\000\040\000o\000f\000\040\000t\000h\000e\000\040\000l\000o\000w\000-\000r\000a\000n\000k\000\040\000r\000e\000s\000u\000l\000t\000s\000\040\000e\000n\000c\000o\000d\000e\000d\000\040\000b\000y\000\040\000t\000h\000e\000\040\000r\000u\000l\000e\000s}{appendix.G}% 19
\BOOKMARK [2][-]{subsection.G.4}{\376\377\000F\000e\000y\000n\000m\000a\000n\000\040\000d\000i\000a\000g\000r\000a\000m\000\040\000b\000u\000i\000l\000d\000i\000n\000g\000\040\000b\000l\000o\000c\000k\000s\000\040\000a\000n\000d\000\040\000t\000e\000n\000s\000o\000r\000\040\000a\000s\000s\000e\000m\000b\000l\000y}{appendix.G}% 20
\BOOKMARK [2][-]{subsection.G.5}{\376\377\000B\000a\000s\000i\000c\000\040\000t\000e\000n\000s\000o\000r\000\040\000r\000e\000c\000u\000r\000s\000i\000o\000n\000s}{appendix.G}% 21
\BOOKMARK [2][-]{subsection.G.6}{\376\377\000F\000i\000r\000s\000t\000\040\000N\000T\000K\000\040\000m\000e\000a\000n\000\040\000c\000o\000r\000r\000e\000c\000t\000i\000o\000n}{appendix.G}% 22
\BOOKMARK [2][-]{subsection.G.7}{\376\377\000F\000u\000l\000l\000\040\000t\000e\000n\000s\000o\000r\000\040\000d\000i\000c\000t\000i\000o\000n\000a\000r\000y}{appendix.G}% 23
\BOOKMARK [2][-]{subsection.G.8}{\376\377\000P\000a\000i\000r\000i\000n\000g\000\040\000e\000x\000t\000r\000a\000c\000t\000i\000o\000n}{appendix.G}% 24
\BOOKMARK [2][-]{subsection.G.9}{\376\377\000C\000e\000n\000t\000e\000r\000e\000d\000\040\000R\000F\000-\000L\000R\000\040\000m\000e\000m\000o\000r\000y\000\040\000l\000e\000m\000m\000a}{appendix.G}% 25
\BOOKMARK [1][-]{appendix.H}{\376\377\000E\000x\000t\000e\000n\000d\000e\000d\000\040\000T\000r\000u\000e\000\040\000F\000i\000n\000i\000t\000e\000-\000N\000e\000t\000w\000o\000r\000k\000\040\000E\000x\000p\000e\000r\000i\000m\000e\000n\000t\000s}{}% 26
\BOOKMARK [2][-]{subsection.H.1}{\376\377\000E\000x\000p\000e\000r\000i\000m\000e\000n\000t\000a\000l\000\040\000m\000e\000t\000h\000o\000d\000o\000l\000o\000g\000y}{appendix.H}% 27
\BOOKMARK [1][-]{appendix.I}{\376\377\000M\000N\000I\000S\000T\000\040\000P\000a\000r\000a\000m\000e\000t\000e\000r\000-\000E\000f\000f\000i\000c\000i\000e\000n\000c\000y\000\040\000S\000n\000a\000p\000s\000h\000o\000t}{}% 28
\BOOKMARK [1][-]{appendix.J}{\376\377\000W\000h\000y\000\040\000S\000t\000r\000i\000c\000t\000\040\000P\000o\000s\000i\000t\000i\000v\000e\000\040\000N\000M\000F\000\040\000I\000s\000\040\000N\000o\000t\000\040\000C\000o\000v\000e\000r\000e\000d}{}% 29
\BOOKMARK [1][-]{appendix.K}{\376\377\000P\000r\000o\000o\000f\000\040\000D\000e\000t\000a\000i\000l\000s\000\040\000f\000o\000r\000\040\000E\000n\000d\000p\000o\000i\000n\000t\000\040\000C\000o\000n\000s\000t\000a\000n\000t\000s}{}% 30
